<?xml version="1.0"?>
<testsuite name="Cucumber" time="0.001" tests="0" skipped="0" failures="0" errors="0" timestamp="2025-02-18T09:15:56.100Z"/>